<html>
<body>
<pre>
<h1>µVision Build Log</h1>
<h2>Tool Versions:</h2>
IDE-Version: µVision V5.37.0.0
Copyright (C) 2022 ARM Ltd and ARM Germany GmbH. All rights reserved.
License Information: Aniket Gupta, Amrita School of Engineering, LIC=----
 
Tool Versions:
Toolchain:       MDK-Lite  Version: 5.29.0.0
Toolchain Path:  C:\Keil_v5\ARM\ARMCC\Bin
C Compiler:      Armcc.exe V5.06 update 6 (build 750)
Assembler:       Armasm.exe V5.06 update 6 (build 750)
Linker/Locator:  ArmLink.exe V5.06 update 6 (build 750)
Library Manager: ArmAr.exe V5.06 update 6 (build 750)
Hex Converter:   FromElf.exe V5.06 update 6 (build 750)
CPU DLL:         SARM.DLL V5.29.0.0
Dialog DLL:      DARMP.DLL V1.53.0.0
Target DLL:      UL2ARM.DLL V1.74.10.0
Dialog DLL:      TARMP.DLL V1.53.0.0
 
<h2>Project:</h2>
D:\Amrita Vishwa Vidyapeetham\3rd Year\5th Semester\Embedded System\Lab\Project\CODE\Password_Based_Door_Open_System.uvproj
Project File Date:  12/03/2022

<h2>Output:</h2>
*** Using Compiler 'V5.06 update 6 (build 750)', folder: 'C:\Keil_v5\ARM\ARMCC\Bin'
Build target 'Target 1'
compiling Door_Open.c...
stepper_motor.h(68): warning:  #1-D: last line of file ends without a newline
  }
Door_Open.c: 1 warning, 0 errors
linking...
Program Size: Code=3416 RO-data=32 RW-data=8 ZI-data=1256  
FromELF: creating hex file...
".\Objects\Password_Based_Door_Open_System.axf" - 0 Error(s), 1 Warning(s).
Build Time Elapsed:  00:00:00
</pre>
</body>
</html>
